 
****************************************
Report : timing
        -path full
        -delay max
        -max_paths 1
Design : alu
Version: U-2022.12-SP7
Date   : Wed Apr  2 21:07:55 2025
****************************************

Operating Conditions: typical   Library: NangateOpenCellLibrary
Wire Load Model Mode: enclosed

  Startpoint: aluop[2] (input port)
  Endpoint: f[31] (output port)
  Path Group: (none)
  Path Type: max

  Des/Clust/Port     Wire Load Model       Library
  ------------------------------------------------
  alu                5K_hvratio_1_1        NangateOpenCellLibrary

  Point                                    Incr       Path
  -----------------------------------------------------------
  input external delay                 0.000000   0.000000 r
  aluop[2] (in)                        0.000000   0.000000 r
  U652/ZN (INV_X1)                     0.032247   0.032247 f
  U653/ZN (INV_X1)                     0.039987   0.072234 r
  U735/ZN (NOR3_X1)                    0.027262   0.099496 f
  U737/Z (CLKBUF_X1)                   0.159477   0.258972 f
  U738/Z (XOR2_X1)                     0.127206   0.386178 f
  U850/CO (FA_X1)                      0.097208   0.483387 f
  U1086/CO (FA_X1)                     0.090876   0.574263 f
  U1037/CO (FA_X1)                     0.090643   0.664906 f
  U1006/CO (FA_X1)                     0.090643   0.755549 f
  U1153/CO (FA_X1)                     0.090643   0.846193 f
  U1175/CO (FA_X1)                     0.090643   0.936836 f
  U1197/CO (FA_X1)                     0.090643   1.027479 f
  U1363/CO (FA_X1)                     0.090643   1.118123 f
  U994/CO (FA_X1)                      0.090643   1.208766 f
  U1212/CO (FA_X1)                     0.090643   1.299410 f
  U1226/CO (FA_X1)                     0.090643   1.390053 f
  U1241/CO (FA_X1)                     0.090643   1.480696 f
  U1257/CO (FA_X1)                     0.090643   1.571340 f
  U1270/CO (FA_X1)                     0.090643   1.661983 f
  U1286/CO (FA_X1)                     0.090643   1.752627 f
  U967/CO (FA_X1)                      0.090643   1.843270 f
  U1374/CO (FA_X1)                     0.090643   1.933913 f
  U1385/CO (FA_X1)                     0.090643   2.024557 f
  U1398/CO (FA_X1)                     0.090643   2.115200 f
  U1410/CO (FA_X1)                     0.090643   2.205843 f
  U1421/CO (FA_X1)                     0.090643   2.296486 f
  U1436/CO (FA_X1)                     0.090643   2.387129 f
  U1447/CO (FA_X1)                     0.090643   2.477772 f
  U1459/CO (FA_X1)                     0.090643   2.568416 f
  U908/CO (FA_X1)                      0.090643   2.659059 f
  U1302/CO (FA_X1)                     0.090643   2.749702 f
  U1475/CO (FA_X1)                     0.090643   2.840345 f
  U1487/CO (FA_X1)                     0.090643   2.930988 f
  U1317/CO (FA_X1)                     0.090643   3.021631 f
  U1334/CO (FA_X1)                     0.090643   3.112275 f
  U1354/CO (FA_X1)                     0.089274   3.201549 f
  U911/Z (XOR2_X1)                     0.067724   3.269273 f
  U965/ZN (AOI21_X1)                   0.039464   3.308737 r
  U966/ZN (INV_X1)                     0.018100   3.326836 f
  f[31] (out)                          0.002555   3.329391 f
  data arrival time                               3.329391
  -----------------------------------------------------------
  (Path is unconstrained)


1
